Last login: Mon Jun 13 21:17:54 on ttys000

The default interactive shell is now zsh.
To update your account to use zsh, please run `chsh -s /bin/zsh`.
For more details, please visit https://support.apple.com/kb/HT208050.
capinos-MacBook-Pro:~ capino$ pwd
/Users/capino
capinos-MacBook-Pro:~ capino$ cd desktop
capinos-MacBook-Pro:desktop capino$ cd Destacados_2022
capinos-MacBook-Pro:Destacados_2022 capino$ pwd
/Users/capino/desktop/Destacados_2022
capinos-MacBook-Pro:Destacados_2022 capino$ ls -R
Actores			Doctor_Strange.txt	Tom_Holland.doc
Canciones		Futbol.xls
Deportes		Peliculas

./Actores:

./Canciones:

./Deportes:

./Peliculas:
Accion

./Peliculas/Accion:
capinos-MacBook-Pro:Destacados_2022 capino$ mv Doctor_Strange.txt Peliculas/Accion/Doctor_Strange.txt
capinos-MacBook-Pro:Destacados_2022 capino$ mv Tom_Holland.doc Actores/Tom_Holland.doc
capinos-MacBook-Pro:Destacados_2022 capino$ ls -R
Actores		Canciones	Deportes	Futbol.xls	Peliculas

./Actores:
Tom_Holland.doc

./Canciones:

./Deportes:

./Peliculas:
Accion

./Peliculas/Accion:
Doctor_Strange.txt
capinos-MacBook-Pro:Destacados_2022 capino$ mv Futbol.xls Deportes/Futbol.xls
capinos-MacBook-Pro:Destacados_2022 capino$ ls -R
Actores		Canciones	Deportes	Peliculas

./Actores:
Tom_Holland.doc

./Canciones:

./Deportes:
Futbol.xls

./Peliculas:
Accion

./Peliculas/Accion:
Doctor_Strange.txt
capinos-MacBook-Pro:Destacados_2022 capino$ cd Deportes
capinos-MacBook-Pro:Deportes capino$ pwd
/Users/capino/desktop/Destacados_2022/Deportes
capinos-MacBook-Pro:Deportes capino$ rm Futbol.xls
capinos-MacBook-Pro:Deportes capino$ ls -R
capinos-MacBook-Pro:Deportes capino$ cd ..
capinos-MacBook-Pro:Destacados_2022 capino$ pwd
/Users/capino/desktop/Destacados_2022
capinos-MacBook-Pro:Destacados_2022 capino$ ls -R
Actores		Canciones	Deportes	Peliculas

./Actores:
Tom_Holland.doc

./Canciones:

./Deportes:

./Peliculas:
Accion

./Peliculas/Accion:
Doctor_Strange.txt
capinos-MacBook-Pro:Destacados_2022 capino$ ls -Ra
.		.DS_Store	Canciones	Peliculas
..		Actores		Deportes

./Actores:
.		..		Tom_Holland.doc

./Canciones:
.	..

./Deportes:
.	..

./Peliculas:
.		..		.DS_Store	Accion

./Peliculas/Accion:
.			..			Doctor_Strange.txt
capinos-MacBook-Pro:Destacados_2022 capino$ pwd
/Users/capino/desktop/Destacados_2022
capinos-MacBook-Pro:Destacados_2022 capino$ mv Actores Actores_y_Actrices
capinos-MacBook-Pro:Destacados_2022 capino$ ls -R
Actores_y_Actrices	Deportes
Canciones		Peliculas

./Actores_y_Actrices:
Tom_Holland.doc

./Canciones:

./Deportes:

./Peliculas:
Accion

./Peliculas/Accion:
Doctor_Strange.txt
capinos-MacBook-Pro:Destacados_2022 capino$ git init
hint: Using 'master' as the name for the initial branch. This default branch name
hint: is subject to change. To configure the initial branch name to use in all
hint: of your new repositories, which will suppress this warning, call:
hint: 
hint: 	git config --global init.defaultBranch <name>
hint: 
hint: Names commonly chosen instead of 'master' are 'main', 'trunk' and
hint: 'development'. The just-created branch can be renamed via this command:
hint: 
hint: 	git branch -m <name>
Initialized empty Git repository in /Users/capino/Desktop/Destacados_2022/.git/
capinos-MacBook-Pro:Destacados_2022 capino$ git add .
capinos-MacBook-Pro:Destacados_2022 capino$ git status
On branch master

No commits yet

Changes to be committed:
  (use "git rm --cached <file>..." to unstage)
	new file:   Actores_y_Actrices/Tom_Holland.doc
	new file:   Peliculas/Accion/Doctor_Strange.txt

capinos-MacBook-Pro:Destacados_2022 capino$ git commit -m "Subiendo examen"
[master (root-commit) 41834aa] Subiendo examen
 Committer: capino765 <capino@capinos-MacBook-Pro.local>
Your name and email address were configured automatically based
on your username and hostname. Please check that they are accurate.
You can suppress this message by setting them explicitly:

    git config --global user.name "Your Name"
    git config --global user.email you@example.com

After doing this, you may fix the identity used for this commit with:

    git commit --amend --reset-author

 2 files changed, 0 insertions(+), 0 deletions(-)
 create mode 100644 Actores_y_Actrices/Tom_Holland.doc
 create mode 100644 Peliculas/Accion/Doctor_Strange.txt
capinos-MacBook-Pro:Destacados_2022 capino$ git log
commit 41834aa6c6a07a3aa485ec246757e44bd23a27a7 (HEAD -> master)
Author: capino765 <capino@capinos-MacBook-Pro.local>
Date:   Mon Jun 13 22:14:51 2022 -0500

    Subiendo examen
capinos-MacBook-Pro:Destacados_2022 capino$ git status
On branch master
nothing to commit, working tree clean
capinos-MacBook-Pro:Destacados_2022 capino$ git config user.name capino765
capinos-MacBook-Pro:Destacados_2022 capino$ git config user.mail capino765@gmail.com
capinos-MacBook-Pro:Destacados_2022 capino$ git config user.name
capino765
capinos-MacBook-Pro:Destacados_2022 capino$ git config user.mail
capino765@gmail.com
capinos-MacBook-Pro:Destacados_2022 capino$ git remote add origin https://github.com/capino765/Examen-1.git
capinos-MacBook-Pro:Destacados_2022 capino$ git remote -v
origin	https://github.com/capino765/Examen-1.git (fetch)
origin	https://github.com/capino765/Examen-1.git (push)
capinos-MacBook-Pro:Destacados_2022 capino$ git push origin master
Enumerating objects: 6, done.
Counting objects: 100% (6/6), done.
Delta compression using up to 4 threads
Compressing objects: 100% (2/2), done.
Writing objects: 100% (6/6), 416 bytes | 416.00 KiB/s, done.
Total 6 (delta 0), reused 0 (delta 0), pack-reused 0
To https://github.com/capino765/Examen-1.git
 * [new branch]      master -> master
capinos-MacBook-Pro:Destacados_2022 capino$ 
